// Jest Snapshot v1, https://goo.gl/fbAQLP

exports[`App should match snapshop 1`] = `
<div>
  <header
    className="navBar"
  >
    <NavBar
      displayAllOfType={[Function]}
      displayAllSearchResults={[Function]}
      searchBarDisplay={false}
      searchResults={Array []}
      selectSearchResult={[Function]}
      showSplashPage={true}
      updateSearchResults={[Function]}
    />
  </header>
  <section
    className="App"
  >
    <SplashPage
      displayAllSearchResults={[Function]}
      searchResults={Array []}
      selectSearchResult={[Function]}
      updateSearchResults={[Function]}
    />
  </section>
  <div
    className="backgroundImage"
  />
</div>
`;
