// Jest Snapshot v1, https://goo.gl/fbAQLP

exports[`App should match snapshop 1`] = `
<div>
  <header
    className="navBar"
  >
    <NavBar
      displayAllOfType={[Function]}
      displayAllSearchResults={[Function]}
      displaySearchSuggestions={false}
      searchBarDisplay={false}
      searchResults={Array []}
      selectSearchResult={[Function]}
      showSplashPage={true}
      updateSearchResults={[Function]}
    />
  </header>
  <section
    className="App"
  >
    <article
      className="mainContent"
    >
      <SplashPage
        displayAllSearchResults={[Function]}
        displaySearchSuggestions={false}
        searchResults={Array []}
        selectSearchResult={[Function]}
        updateSearchResults={[Function]}
      />
    </article>
  </section>
  <div
    className="appBackground"
  />
</div>
`;
