// Jest Snapshot v1, https://goo.gl/fbAQLP

exports[`SearchBar should match snapshot 1`] = `
<section
  className="searchBarContainer"
  onMouseLeave={[MockFunction]}
>
  <form
    className="SearchBar"
    onSubmit={[Function]}
  >
    <input
      className="searchTerm"
      onChange={[Function]}
      placeholder="Search..."
      type="search"
    />
    <button
      className="searchButton"
      type="submit"
    >
      <i
        className="fas fa-search searchIcon"
      />
    </button>
  </form>
  <div
    className="searchHolder"
    style={
      Object {
        "display": "none",
      }
    }
  >
    <SearchSuggestion
      displayAllSearchResults={[MockFunction]}
      displaySearchSuggestions={false}
      hideSearchSuggestions={[MockFunction]}
      key="118"
      name="Sasha Belle"
      searchResults={
        Array [
          Object {
            "bio": "",
            "facebook": "https://www.facebook.com/Sasha-Belle-1457446307864946/",
            "id": 118,
            "imageURL": "https://scontent-ort2-1.cdninstagram.com/vp/9e8e535948a6840c9778f3948b3bcd4c/5D2AB39C/t51.2885-19/s320x320/54196427_312652559394918_5887169852254191616_n.jpg?_nc_ht=scontent-ort2-1.cdninstagram.com",
            "instagram": "https://www.instagram.com/sashabelley/?hl=en",
            "name": "Sasha Belle",
            "shows": Array [
              "Drag Matinee",
            ],
            "twitter": "https://twitter.com/sashabelle3?lang=en",
          },
        ]
      }
      selectSearchResult={[MockFunction]}
      updateQuery={[MockFunction]}
      updateSearchResults={[MockFunction]}
    />
  </div>
</section>
`;
