// Jest Snapshot v1, https://goo.gl/fbAQLP

exports[`Show_Main should match snapshop 1`] = `
<main
  className="Show-Main Main_Info Content"
>
  <article
    className="Show-title"
  >
    <h2>
      Sunday Social
    </h2>
  </article>
  <article
    className="Show-host"
  >
    <p
      className="location"
      onClick={[Function]}
    >
       
      Where: 
      <span>
        Meeting House Tavern
      </span>
    </p>
    <p
      className="hosts"
    >
      Host: Chamilla Foxx
    </p>
  </article>
  <article
    className="Show-when"
  >
    <p>
      When: 
    </p>
    <p
      className="showtime"
    >
      Every Sunday of the month.
       
    </p>
    <p
      className="time"
    >
      At: 
      2:00PM
    </p>
  </article>
</main>
`;
