// Jest Snapshot v1, https://goo.gl/fbAQLP

exports[`Show_Main should match snapshop 1`] = `
<main
  className="Bar-Main Main_Info"
>
  <article
    className="Content"
  >
    <h2>
      Sunday Social
    </h2>
    <p
      className="hosts"
    >
      Host: Chamilla Foxx
    </p>
    <p>
      When: 
    </p>
    <p
      className="showtime"
    >
      Every Sudnay on the weekly of the month.
       
    </p>
    <p
      className="time"
    >
      At: 
    </p>
  </article>
</main>
`;
